C51 COMPILER V9.60.0.0   MAIN                                                              12/26/2024 10:49:02 PAGE 1   


C51 COMPILER V9.60.0.0, COMPILATION OF MODULE MAIN
OBJECT MODULE PLACED IN .\Objects\main.obj
COMPILER INVOKED BY: C:\Keil_v5\C51\BIN\C51.EXE main.c OPTIMIZE(8,SPEED) BROWSE DEBUG OBJECTEXTEND PRINT(.\Listings\main
                    -.lst) TABS(2) OBJECT(.\Objects\main.obj)

line level    source

   1            #include<AT89X52.H>    
   2            #include<PWM.H>    
   3            #include "LCD1602.h"
   4            
   5            //BUZZ=1灭 
   6            //BUZZ=0响
   7            
   8          void Delay200us()   //@11.0592MHz
   9          {
  10   1        unsigned char i;
  11   1      
  12   1        i = 89;
  13   1        while (--i);
  14   1      }
  15          
  16            
  17                      int trees_num=0;
  18                      int tunnel_dis=0;
  19          
  20          void Tracking()
  21          { 
  22   1        if(data1 == 0&&data2 == 0&&data3 == 0||data1 == 1&&data2 == 0&&data3 == 1||data1 == 1&&data2 == 1&&data3 
             -== 1)
  23   1        {
  24   2          run();
  25   2        }
  26   1        else
  27   1        {
  28   2          if(data1 == 0&&data2 == 1&&data3 == 0)
  29   2          {
  30   3            stop(); 
  31   3          }
  32   2          if(data1 == 1&&data2 == 0&&data3 == 0||data1 == 1&&data2 == 1&&data3 == 0)
  33   2          {
  34   3            rightrun();
  35   3          }
  36   2          if(data1 == 0&&data2 == 0&&data3 == 1||data1 == 0&&data2 == 1&&data3 == 1)
  37   2          {
  38   3            leftrun();
  39   3          }
  40   2          
  41   2        }
  42   1      }
  43          
  44          //主函数
  45            void main(void)
  46          { 
  47   1                TMOD=0X01;
  48   1                TH0= 0XFc;      //1ms定时
  49   1                TL0= 0X18;
  50   1                TR0= 1;
  51   1                ET0= 1;
  52   1                EA = 1;        //开总中断
  53   1                LCD_Init();
C51 COMPILER V9.60.0.0   MAIN                                                              12/26/2024 10:49:02 PAGE 2   

  54   1      
  55   1                LCD_ShowString(1,1,"trees:");
  56   1                LCD_ShowString(2,1,"t_dis:");
  57   1                LCD_ShowString(2,9,"cm");
  58   1      
  59   1        while(1)  //无限循环
  60   1        {     
  61   2              LCD_ShowNum(1,7,trees_num,2); 
  62   2              LCD_ShowNum(2,7,tunnel_dis,2);
  63   2          
  64   2              if(LeftIRBZ==0)     
  65   2          {   
  66   3              Delay200us();
  67   3              while(LeftIRBZ==0); 
  68   3              trees_num++;
  69   3              Delay200us();
  70   3          }
  71   2              if(RightIRBZ==0)      
  72   2          {   
  73   3              Delay200us();
  74   3              while(RightIRBZ==0);  
  75   3              trees_num++;
  76   3              Delay200us();
  77   3          }
  78   2      
  79   2          Tracking();
  80   2                        
  81   2        }  
  82   1         
  83   1      }


MODULE INFORMATION:   STATIC OVERLAYABLE
   CODE SIZE        =    420    ----
   CONSTANT SIZE    =     17    ----
   XDATA SIZE       =   ----    ----
   PDATA SIZE       =   ----    ----
   DATA SIZE        =     10    ----
   IDATA SIZE       =   ----    ----
   BIT SIZE         =      2    ----
END OF MODULE INFORMATION.


C51 COMPILATION COMPLETE.  0 WARNING(S),  0 ERROR(S)
